<?xml version="1.0" encoding="utf-8"?><testsuites><testsuite name="pytest" errors="0" failures="0" skipped="0" tests="19" time="0.199" timestamp="2025-02-19T10:31:04.105911+01:00" hostname="Dev-2"><testcase classname="tests.test_either" name="test_left_creation" file="tests\test_either.py" line="3" time="0.001" /><testcase classname="tests.test_either" name="test_right_creation" file="tests\test_either.py" line="9" time="0.000" /><testcase classname="tests.test_either" name="test_is_left" file="tests\test_either.py" line="15" time="0.000" /><testcase classname="tests.test_either" name="test_is_right" file="tests\test_either.py" line="21" time="0.000" /><testcase classname="tests.test_either" name="test_map_right" file="tests\test_either.py" line="27" time="0.000" /><testcase classname="tests.test_either" name="test_map_left" file="tests\test_either.py" line="32" time="0.000" /><testcase classname="tests.test_either" name="test_bind_right" file="tests\test_either.py" line="37" time="0.000" /><testcase classname="tests.test_either" name="test_bind_left" file="tests\test_either.py" line="42" time="0.000" /><testcase classname="tests.test_either" name="test_get_or_else_right" file="tests\test_either.py" line="47" time="0.000" /><testcase classname="tests.test_either" name="test_get_or_else_left" file="tests\test_either.py" line="54" time="0.000" /><testcase classname="tests.test_either" name="test_fold" file="tests\test_either.py" line="61" time="0.000" /><testcase classname="tests.test_maybe" name="test_just_creation" file="tests\test_maybe.py" line="2" time="0.000" /><testcase classname="tests.test_maybe" name="test_nothing_creation" file="tests\test_maybe.py" line="9" time="0.000" /><testcase classname="tests.test_maybe" name="test_map_just" file="tests\test_maybe.py" line="15" time="0.000" /><testcase classname="tests.test_maybe" name="test_map_nothing" file="tests\test_maybe.py" line="22" time="0.000" /><testcase classname="tests.test_maybe" name="test_bind_just" file="tests\test_maybe.py" line="28" time="0.000" /><testcase classname="tests.test_maybe" name="test_bind_nothing" file="tests\test_maybe.py" line="35" time="0.000" /><testcase classname="tests.test_maybe" name="test_get_or_else_just" file="tests\test_maybe.py" line="41" time="0.001" /><testcase classname="tests.test_maybe" name="test_get_or_else_nothing" file="tests\test_maybe.py" line="46" time="0.000" /></testsuite></testsuites>